// Jest Snapshot v1, https://goo.gl/fbAQLP

exports[`<TextInput/> Will render 1`] = `
<li>
  test q
  <div
    className="form-group dvc-form-group"
  >
    <label
      htmlFor="TextInput"
    >
      
    </label>
    <input
      autoComplete="off"
      className="form-control "
      disabled={undefined}
      id="TextInput"
      name="TextInput"
      onChange={[Function]}
      placeholder="Enter response here."
      required={undefined}
      type="text"
      value={undefined}
    />
    <div
      className="invalid-feedback"
    >
      Please fill in field.
    </div>
    <small
      className="form-text text-muted"
    />
  </div>
</li>
`;
